// Jest Snapshot v1, https://goo.gl/fbAQLP

exports[`JsRotatingGallery Component should render without explode 1`] = `""`;
